---
source: crates/glyim-cli-tests-full/tests/integration/ui.rs
expression: actual
---
  × unresolved name `p`
   ╭─[tests/ui/struct_unknown_field.g:1:1]
 1 │ struct Point { x, y }
   · ▲
   · ╰── unresolved name `p`
 2 │ main = () => { let p = Point { x: 1, y: 2 }; p.z }
   ╰────

  × unresolved name `z`
   ╭─[tests/ui/struct_unknown_field.g:1:1]
 1 │ struct Point { x, y }
   · ▲
   · ╰── unresolved name `z`
 2 │ main = () => { let p = Point { x: 1, y: 2 }; p.z }
   ╰────
