---
source: crates/glyim-cli-tests-full/tests/integration/ui.rs
expression: actual
---
  × unknown field `z` on struct `Point`
   ╭─[tests/ui/struct_unknown_field.g:1:1]
 1 │ struct Point { x, y }
   · ▲
   · ╰── unknown field `z` on struct `Point`
 2 │ main = () => { let p = Point { x: 1, y: 2 }; p.z }
   ╰────
