---
source: crates/glyim-cli-tests-full/tests/integration/ui.rs
expression: actual
---
  × ? operator used outside of Result-returning function
   ╭─[tests/ui/invalid_question_mark.g:1:1]
 1 │ main = () => { let x = 42?; x }
   · ▲
   · ╰── ? operator used outside of Result-returning function
   ╰────
