---
source: crates/glyim-typeck/tests/snapshot_errors.rs
expression: errors
---
[
    MissingField {
        struct_name: Symbol(
            0,
        ),
        field: Symbol(
            2,
        ),
        span: (
            41,
            55,
        ),
    },
    InvalidReturnType {
        expected: Int,
        found: Named(
            Symbol(
                0,
            ),
        ),
    },
]
