---
source: crates/glyim-test/src/snapshot/mod.rs
expression: tree
---
SourceFile@0..29
  FnDef@0..29
    KwFn@0..2 "fn"
    Whitespace@2..3 " "
    Ident@3..7 "main"
    LParen@7..8 "("
    RParen@8..9 ")"
    Whitespace@9..10 " "
    Block@10..29
      LBrace@10..11 "{"
      Whitespace@11..12 " "
      LetStmt@12..27
        KwLet@12..15 "let"
        Whitespace@15..16 " "
        PatIdent@16..17
          Ident@16..17 "x"
        Whitespace@17..18 " "
        Eq@18..19 "="
        Whitespace@19..20 " "
        IndexExpr@20..26
          PathExpr@20..23
            UsePath@20..23
              Ident@20..23 "arr"
          LBracket@23..24 "["
          LitExpr@24..25
            IntLit@24..25 "0"
          RBracket@25..26 "]"
        Semicolon@26..27 ";"
      Whitespace@27..28 " "
      RBrace@28..29 "}"
