---
source: crates/glyim-test/src/snapshot/mod.rs
expression: tree
---
SourceFile@0..324
  Whitespace@0..1 "\n"
  EnumDef@1..45
    KwEnum@1..5 "enum"
    Whitespace@5..6 " "
    Ident@6..12 "Result"
    TypeParamList@12..18
      Lt@12..13 "<"
      TypeParam@13..14
        Ident@13..14 "T"
      Comma@14..15 ","
      Whitespace@15..16 " "
      TypeParam@16..17
        Ident@16..17 "E"
      Gt@17..18 ">"
    Whitespace@18..19 " "
    LBrace@19..20 "{"
    VariantList@20..44
      Whitespace@20..25 "\n    "
      EnumVariant@25..30
        Ident@25..27 "Ok"
        LParen@27..28 "("
        PathType@28..29
          UsePath@28..29
            Ident@28..29 "T"
        RParen@29..30 ")"
      Comma@30..31 ","
      Whitespace@31..36 "\n    "
      EnumVariant@36..42
        Ident@36..39 "Err"
        LParen@39..40 "("
        PathType@40..41
          UsePath@40..41
            Ident@40..41 "E"
        RParen@41..42 ")"
      Comma@42..43 ","
      Whitespace@43..44 "\n"
    RBrace@44..45 "}"
  Whitespace@45..47 "\n\n"
  FnDef@47..212
    KwFn@47..49 "fn"
    Whitespace@49..50 " "
    Ident@50..56 "divide"
    LParen@56..57 "("
    ParamList@57..71
      Param@57..63
        Ident@57..58 "a"
        Colon@58..59 ":"
        Whitespace@59..60 " "
        PathType@60..63
          UsePath@60..63
            Ident@60..63 "i32"
      Comma@63..64 ","
      Whitespace@64..65 " "
      Param@65..71
        Ident@65..66 "b"
        Colon@66..67 ":"
        Whitespace@67..68 " "
        PathType@68..71
          UsePath@68..71
            Ident@68..71 "i32"
    RParen@71..72 ")"
    Whitespace@72..73 " "
    Arrow@73..75 "->"
    Whitespace@75..76 " "
    PathType@76..96
      UsePath@76..82
        Ident@76..82 "Result"
      Lt@82..83 "<"
      PathType@83..86
        UsePath@83..86
          Ident@83..86 "i32"
      Comma@86..87 ","
      Whitespace@87..88 " "
      PathType@88..94
        UsePath@88..94
          Ident@88..94 "String"
      Gt@94..95 ">"
      Whitespace@95..96 " "
    Block@96..212
      LBrace@96..97 "{"
      Whitespace@97..102 "\n    "
      ExprStmt@102..211
        IfExpr@102..210
          KwIf@102..104 "if"
          Whitespace@104..105 " "
          BinaryExpr@105..112
            PathExpr@105..107
              UsePath@105..107
                Ident@105..106 "b"
                Whitespace@106..107 " "
            EqEq@107..109 "=="
            Whitespace@109..110 " "
            LitExpr@110..111
              IntLit@110..111 "0"
            Whitespace@111..112 " "
          Block@112..171
            LBrace@112..113 "{"
            Whitespace@113..122 "\n        "
            ExprStmt@122..170
              CallExpr@122..165
                PathExpr@122..133
                  UsePath@122..133
                    Ident@122..128 "Result"
                    ColonColon@128..130 "::"
                    Ident@130..133 "Err"
                LParen@133..134 "("
                MethodCallExpr@134..164
                  LitExpr@134..152
                    StringLit@134..152 "\"division by zero\""
                  Dot@152..153 "."
                  Ident@153..162 "to_string"
                  LParen@162..163 "("
                  RParen@163..164 ")"
                RParen@164..165 ")"
              Whitespace@165..170 "\n    "
            RBrace@170..171 "}"
          Whitespace@171..172 " "
          KwElse@172..176 "else"
          Whitespace@176..177 " "
          Block@177..210
            LBrace@177..178 "{"
            Whitespace@178..187 "\n        "
            ExprStmt@187..209
              CallExpr@187..204
                PathExpr@187..197
                  UsePath@187..197
                    Ident@187..193 "Result"
                    ColonColon@193..195 "::"
                    Ident@195..197 "Ok"
                LParen@197..198 "("
                BinaryExpr@198..203
                  PathExpr@198..200
                    UsePath@198..200
                      Ident@198..199 "a"
                      Whitespace@199..200 " "
                  Slash@200..201 "/"
                  Whitespace@201..202 " "
                  PathExpr@202..203
                    UsePath@202..203
                      Ident@202..203 "b"
                RParen@203..204 ")"
              Whitespace@204..209 "\n    "
            RBrace@209..210 "}"
        Whitespace@210..211 "\n"
      RBrace@211..212 "}"
  Whitespace@212..214 "\n\n"
  FnDef@214..323
    KwFn@214..216 "fn"
    Whitespace@216..217 " "
    Ident@217..221 "main"
    LParen@221..222 "("
    RParen@222..223 ")"
    Whitespace@223..224 " "
    Arrow@224..226 "->"
    Whitespace@226..227 " "
    PathType@227..246
      UsePath@227..233
        Ident@227..233 "Result"
      Lt@233..234 "<"
      TupleType@234..236
        LParen@234..235 "("
        RParen@235..236 ")"
      Comma@236..237 ","
      Whitespace@237..238 " "
      PathType@238..244
        UsePath@238..244
          Ident@238..244 "String"
      Gt@244..245 ">"
      Whitespace@245..246 " "
    Block@246..323
      LBrace@246..247 "{"
      Whitespace@247..252 "\n    "
      LetStmt@252..275
        KwLet@252..255 "let"
        Whitespace@255..256 " "
        PatIdent@256..257
          Ident@256..257 "x"
        Whitespace@257..258 " "
        Eq@258..259 "="
        Whitespace@259..260 " "
        TryExpr@260..274
          CallExpr@260..273
            PathExpr@260..266
              UsePath@260..266
                Ident@260..266 "divide"
            LParen@266..267 "("
            LitExpr@267..269
              IntLit@267..269 "10"
            Comma@269..270 ","
            Whitespace@270..271 " "
            LitExpr@271..272
              IntLit@271..272 "2"
            RParen@272..273 ")"
          Question@273..274 "?"
        Semicolon@274..275 ";"
      Whitespace@275..280 "\n    "
      LetStmt@280..302
        KwLet@280..283 "let"
        Whitespace@283..284 " "
        PatIdent@284..285
          Ident@284..285 "y"
        Whitespace@285..286 " "
        Eq@286..287 "="
        Whitespace@287..288 " "
        TryExpr@288..301
          CallExpr@288..300
            PathExpr@288..294
              UsePath@288..294
                Ident@288..294 "divide"
            LParen@294..295 "("
            PathExpr@295..296
              UsePath@295..296
                Ident@295..296 "x"
            Comma@296..297 ","
            Whitespace@297..298 " "
            LitExpr@298..299
              IntLit@298..299 "0"
            RParen@299..300 ")"
          Question@300..301 "?"
        Semicolon@301..302 ";"
      Whitespace@302..307 "\n    "
      ExprStmt@307..322
        CallExpr@307..321
          PathExpr@307..317
            UsePath@307..317
              Ident@307..313 "Result"
              ColonColon@313..315 "::"
              Ident@315..317 "Ok"
          LParen@317..318 "("
          TupleExpr@318..320
            LParen@318..319 "("
            RParen@319..320 ")"
          RParen@320..321 ")"
        Whitespace@321..322 "\n"
      RBrace@322..323 "}"
  Whitespace@323..324 "\n"
