---
source: crates/glyim-test/src/snapshot/mod.rs
expression: tree
---
SourceFile@0..68
  Whitespace@0..1 "\n"
  MacroDef@1..67
    KwMacroRules@1..12 "macro_rules"
    Bang@12..13 "!"
    Whitespace@13..14 " "
    Ident@14..18 "test"
    Whitespace@18..19 " "
    LBrace@19..20 "{"
    Whitespace@20..25 "\n    "
    MacroArm@25..64
      TokenTree@25..58
        LParen@25..26 "("
        Whitespace@26..27 " "
        TokenTree@27..40
          Dollar@27..28 "$"
          TokenTree@28..38
            LParen@28..29 "("
            TokenTree@29..37
              Dollar@29..30 "$"
              MetaVar@30..37
                Ident@30..31 "a"
                Colon@31..32 ":"
                Ident@32..37 "ident"
            RParen@37..38 ")"
          Comma@38..39 ","
          Star@39..40 "*"
        Whitespace@40..41 " "
        TokenTree@41..43
          FatArrow@41..43 "=>"
        Whitespace@43..44 " "
        TokenTree@44..56
          Dollar@44..45 "$"
          TokenTree@45..54
            LParen@45..46 "("
            TokenTree@46..53
              Dollar@46..47 "$"
              MetaVar@47..53
                Ident@47..48 "b"
                Colon@48..49 ":"
                Ident@49..53 "expr"
            RParen@53..54 ")"
          Semicolon@54..55 ";"
          Star@55..56 "*"
        Whitespace@56..57 " "
        RParen@57..58 ")"
      Whitespace@58..59 " "
      FatArrow@59..61 "=>"
      Whitespace@61..62 " "
      TokenTree@62..64
        LBrace@62..63 "{"
        RBrace@63..64 "}"
    Semicolon@64..65 ";"
    Whitespace@65..66 "\n"
    RBrace@66..67 "}"
  Whitespace@67..68 "\n"
