---
source: crates/glyim-test/src/snapshot/mod.rs
expression: tree
---
SourceFile@0..334
  Whitespace@0..1 "\n"
  FnDef@1..333
    KwFn@1..3 "fn"
    Whitespace@3..4 " "
    Ident@4..8 "eval"
    LParen@8..9 "("
    ParamList@9..19
      Param@9..19
        Ident@9..13 "expr"
        Colon@13..14 ":"
        Whitespace@14..15 " "
        PathType@15..19
          UsePath@15..19
            Ident@15..19 "Expr"
    RParen@19..20 ")"
    Whitespace@20..21 " "
    Arrow@21..23 "->"
    Whitespace@23..24 " "
    PathType@24..28
      UsePath@24..28
        Ident@24..27 "i32"
        Whitespace@27..28 " "
    Block@28..333
      LBrace@28..29 "{"
      Whitespace@29..34 "\n    "
      ExprStmt@34..332
        MatchExpr@34..331
          KwMatch@34..39 "match"
          Whitespace@39..40 " "
          PathExpr@40..45
            UsePath@40..45
              Ident@40..44 "expr"
              Whitespace@44..45 " "
          LBrace@45..46 "{"
          MatchArmList@46..330
            Whitespace@46..55 "\n        "
            MatchArm@55..73
              PatStruct@55..67
                UsePath@55..64
                  Ident@55..59 "Expr"
                  ColonColon@59..61 "::"
                  Ident@61..64 "Lit"
                PatTuple@64..67
                  LParen@64..65 "("
                  PatIdent@65..66
                    Ident@65..66 "n"
                  RParen@66..67 ")"
              Whitespace@67..68 " "
              FatArrow@68..70 "=>"
              Whitespace@70..71 " "
              PathExpr@71..72
                UsePath@71..72
                  Ident@71..72 "n"
              Comma@72..73 ","
            Whitespace@73..82 "\n        "
            MatchArm@82..121
              PatStruct@82..97
                UsePath@82..91
                  Ident@82..86 "Expr"
                  ColonColon@86..88 "::"
                  Ident@88..91 "Add"
                PatTuple@91..97
                  LParen@91..92 "("
                  PatIdent@92..93
                    Ident@92..93 "a"
                  Comma@93..94 ","
                  Whitespace@94..95 " "
                  PatIdent@95..96
                    Ident@95..96 "b"
                  RParen@96..97 ")"
              Whitespace@97..98 " "
              FatArrow@98..100 "=>"
              Whitespace@100..101 " "
              BinaryExpr@101..120
                CallExpr@101..109
                  PathExpr@101..105
                    UsePath@101..105
                      Ident@101..105 "eval"
                  LParen@105..106 "("
                  UnaryExpr@106..108
                    Star@106..107 "*"
                    PathExpr@107..108
                      UsePath@107..108
                        Ident@107..108 "a"
                  RParen@108..109 ")"
                Whitespace@109..110 " "
                Plus@110..111 "+"
                Whitespace@111..112 " "
                CallExpr@112..120
                  PathExpr@112..116
                    UsePath@112..116
                      Ident@112..116 "eval"
                  LParen@116..117 "("
                  UnaryExpr@117..119
                    Star@117..118 "*"
                    PathExpr@118..119
                      UsePath@118..119
                        Ident@118..119 "b"
                  RParen@119..120 ")"
              Comma@120..121 ","
            Whitespace@121..130 "\n        "
            MatchArm@130..192
              PatStruct@130..145
                UsePath@130..139
                  Ident@130..134 "Expr"
                  ColonColon@134..136 "::"
                  Ident@136..139 "Sub"
                PatTuple@139..145
                  LParen@139..140 "("
                  PatIdent@140..141
                    Ident@140..141 "a"
                  Comma@141..142 ","
                  Whitespace@142..143 " "
                  PatIdent@143..144
                    Ident@143..144 "b"
                  RParen@144..145 ")"
              Whitespace@145..146 " "
              KwIf@146..148 "if"
              Whitespace@148..149 " "
              BinaryExpr@149..169
                CallExpr@149..157
                  PathExpr@149..153
                    UsePath@149..153
                      Ident@149..153 "eval"
                  LParen@153..154 "("
                  UnaryExpr@154..156
                    Star@154..155 "*"
                    PathExpr@155..156
                      UsePath@155..156
                        Ident@155..156 "a"
                  RParen@156..157 ")"
                Whitespace@157..158 " "
                Gt@158..159 ">"
                Whitespace@159..160 " "
                CallExpr@160..168
                  PathExpr@160..164
                    UsePath@160..164
                      Ident@160..164 "eval"
                  LParen@164..165 "("
                  UnaryExpr@165..167
                    Star@165..166 "*"
                    PathExpr@166..167
                      UsePath@166..167
                        Ident@166..167 "b"
                  RParen@167..168 ")"
                Whitespace@168..169 " "
              FatArrow@169..171 "=>"
              Whitespace@171..172 " "
              BinaryExpr@172..191
                CallExpr@172..180
                  PathExpr@172..176
                    UsePath@172..176
                      Ident@172..176 "eval"
                  LParen@176..177 "("
                  UnaryExpr@177..179
                    Star@177..178 "*"
                    PathExpr@178..179
                      UsePath@178..179
                        Ident@178..179 "a"
                  RParen@179..180 ")"
                Whitespace@180..181 " "
                Minus@181..182 "-"
                Whitespace@182..183 " "
                CallExpr@183..191
                  PathExpr@183..187
                    UsePath@183..187
                      Ident@183..187 "eval"
                  LParen@187..188 "("
                  UnaryExpr@188..190
                    Star@188..189 "*"
                    PathExpr@189..190
                      UsePath@189..190
                        Ident@189..190 "b"
                  RParen@190..191 ")"
              Comma@191..192 ","
            Whitespace@192..201 "\n        "
            MatchArm@201..318
              PatStruct@201..216
                UsePath@201..210
                  Ident@201..205 "Expr"
                  ColonColon@205..207 "::"
                  Ident@207..210 "Mul"
                PatTuple@210..216
                  LParen@210..211 "("
                  PatIdent@211..212
                    Ident@211..212 "a"
                  Comma@212..213 ","
                  Whitespace@213..214 " "
                  PatIdent@214..215
                    Ident@214..215 "b"
                  RParen@215..216 ")"
              Whitespace@216..217 " "
              FatArrow@217..219 "=>"
              Whitespace@219..220 " "
              Block@220..309
                LBrace@220..221 "{"
                Whitespace@221..234 "\n            "
                LetStmt@234..251
                  KwLet@234..237 "let"
                  Whitespace@237..238 " "
                  PatIdent@238..239
                    Ident@238..239 "x"
                  Whitespace@239..240 " "
                  Eq@240..241 "="
                  Whitespace@241..242 " "
                  CallExpr@242..250
                    PathExpr@242..246
                      UsePath@242..246
                        Ident@242..246 "eval"
                    LParen@246..247 "("
                    UnaryExpr@247..249
                      Star@247..248 "*"
                      PathExpr@248..249
                        UsePath@248..249
                          Ident@248..249 "a"
                    RParen@249..250 ")"
                  Semicolon@250..251 ";"
                Whitespace@251..264 "\n            "
                LetStmt@264..281
                  KwLet@264..267 "let"
                  Whitespace@267..268 " "
                  PatIdent@268..269
                    Ident@268..269 "y"
                  Whitespace@269..270 " "
                  Eq@270..271 "="
                  Whitespace@271..272 " "
                  CallExpr@272..280
                    PathExpr@272..276
                      UsePath@272..276
                        Ident@272..276 "eval"
                    LParen@276..277 "("
                    UnaryExpr@277..279
                      Star@277..278 "*"
                      PathExpr@278..279
                        UsePath@278..279
                          Ident@278..279 "b"
                    RParen@279..280 ")"
                  Semicolon@280..281 ";"
                Whitespace@281..294 "\n            "
                ExprStmt@294..308
                  BinaryExpr@294..308
                    PathExpr@294..296
                      UsePath@294..296
                        Ident@294..295 "x"
                        Whitespace@295..296 " "
                    Star@296..297 "*"
                    Whitespace@297..298 " "
                    PathExpr@298..308
                      UsePath@298..308
                        Ident@298..299 "y"
                        Whitespace@299..308 "\n        "
                RBrace@308..309 "}"
              Whitespace@309..318 "\n        "
            MatchArm@318..325
              PatWild@318..319
                Underscore@318..319 "_"
              Whitespace@319..320 " "
              FatArrow@320..322 "=>"
              Whitespace@322..323 " "
              LitExpr@323..324
                IntLit@323..324 "0"
              Comma@324..325 ","
            Whitespace@325..330 "\n    "
          RBrace@330..331 "}"
        Whitespace@331..332 "\n"
      RBrace@332..333 "}"
  Whitespace@333..334 "\n"
