---
source: crates/glyim-test/src/snapshot/mod.rs
expression: tree
---
SourceFile@0..60
  Whitespace@0..1 "\n"
  MacroDef@1..59
    KwMacroRules@1..12 "macro_rules"
    Bang@12..13 "!"
    Whitespace@13..14 " "
    Ident@14..20 "repeat"
    Whitespace@20..21 " "
    LBrace@21..22 "{"
    Whitespace@22..27 "\n    "
    MacroArm@27..56
      TokenTree@27..45
        LParen@27..28 "("
        Whitespace@28..29 " "
        TokenTree@29..43
          Dollar@29..30 "$"
          TokenTree@30..41
            LParen@30..31 "("
            Whitespace@31..32 " "
            TokenTree@32..39
              Dollar@32..33 "$"
              MetaVar@33..39
                Ident@33..34 "x"
                Colon@34..35 ":"
                Ident@35..39 "expr"
            Whitespace@39..40 " "
            RParen@40..41 ")"
          Comma@41..42 ","
          Plus@42..43 "+"
        Whitespace@43..44 " "
        RParen@44..45 ")"
      Whitespace@45..46 " "
      FatArrow@46..48 "=>"
      Whitespace@48..49 " "
      TokenTree@49..56
        LBrace@49..50 "{"
        Whitespace@50..51 " "
        TokenTree@51..53
          DotDot@51..53 ".."
        TokenTree@53..54
          Dot@53..54 "."
        Whitespace@54..55 " "
        RBrace@55..56 "}"
    Semicolon@56..57 ";"
    Whitespace@57..58 "\n"
    RBrace@58..59 "}"
  Whitespace@59..60 "\n"
