---
source: crates/glyim-test/src/snapshot/mod.rs
expression: tree
---
SourceFile@0..297
  Whitespace@0..1 "\n"
  Visibility@1..5
    KwPub@1..4 "pub"
    Whitespace@4..5 " "
  StructDef@5..44
    KwStruct@5..11 "struct"
    Whitespace@11..12 " "
    Ident@12..17 "Point"
    TypeParamList@17..20
      Lt@17..18 "<"
      TypeParam@18..19
        Ident@18..19 "T"
      Gt@19..20 ">"
    Whitespace@20..21 " "
    LBrace@21..22 "{"
    Whitespace@22..27 "\n    "
    Ident@27..28 "x"
    Colon@28..29 ":"
    Whitespace@29..30 " "
    PathType@30..31
      UsePath@30..31
        Ident@30..31 "T"
    Comma@31..32 ","
    Whitespace@32..37 "\n    "
    Ident@37..38 "y"
    Colon@38..39 ":"
    Whitespace@39..40 " "
    PathType@40..41
      UsePath@40..41
        Ident@40..41 "T"
    Comma@41..42 ","
    Whitespace@42..43 "\n"
    RBrace@43..44 "}"
  Whitespace@44..46 "\n\n"
  ImplDef@46..186
    KwImpl@46..50 "impl"
    TypeParamList@50..60
      Lt@50..51 "<"
      TypeParam@51..59
        Ident@51..52 "T"
        Colon@52..53 ":"
        Whitespace@53..54 " "
        PathType@54..59
          UsePath@54..59
            Ident@54..59 "Clone"
      Gt@59..60 ">"
    Whitespace@60..61 " "
    PathType@61..70
      UsePath@61..66
        Ident@61..66 "Point"
      Lt@66..67 "<"
      PathType@67..68
        UsePath@67..68
          Ident@67..68 "T"
      Gt@68..69 ">"
      Whitespace@69..70 " "
    LBrace@70..71 "{"
    Whitespace@71..76 "\n    "
    KwPub@76..79 "pub"
    Whitespace@79..80 " "
    FnDef@80..137
      KwFn@80..82 "fn"
      Whitespace@82..83 " "
      Ident@83..86 "new"
      LParen@86..87 "("
      ParamList@87..97
        Param@87..91
          Ident@87..88 "x"
          Colon@88..89 ":"
          Whitespace@89..90 " "
          PathType@90..91
            UsePath@90..91
              Ident@90..91 "T"
        Comma@91..92 ","
        Whitespace@92..93 " "
        Param@93..97
          Ident@93..94 "y"
          Colon@94..95 ":"
          Whitespace@95..96 " "
          PathType@96..97
            UsePath@96..97
              Ident@96..97 "T"
      RParen@97..98 ")"
      Whitespace@98..99 " "
      Arrow@99..101 "->"
      Whitespace@101..102 " "
      PathType@102..107
        UsePath@102..107
          Ident@102..106 "Self"
          Whitespace@106..107 " "
      Block@107..137
        LBrace@107..108 "{"
        Whitespace@108..117 "\n        "
        ExprStmt@117..136
          StructExpr@117..131
            PathExpr@117..123
              UsePath@117..123
                Ident@117..122 "Point"
                Whitespace@122..123 " "
            LBrace@123..124 "{"
            Whitespace@124..125 " "
            StructField@125..126
              PathExpr@125..126
                UsePath@125..126
                  Ident@125..126 "x"
            Comma@126..127 ","
            Whitespace@127..128 " "
            StructField@128..129
              PathExpr@128..129
                UsePath@128..129
                  Ident@128..129 "y"
            Whitespace@129..130 " "
            RBrace@130..131 "}"
          Whitespace@131..136 "\n    "
        RBrace@136..137 "}"
    Whitespace@137..143 "\n\n    "
    FnDef@143..184
      KwFn@143..145 "fn"
      Whitespace@145..146 " "
      Ident@146..150 "dist"
      LParen@150..151 "("
      ParamList@151..156
        Param@151..156
          And@151..152 "&"
          RefType@152..156
            PathType@152..156
              UsePath@152..156
                KwSelf@152..156 "self"
      RParen@156..157 ")"
      Whitespace@157..158 " "
      Arrow@158..160 "->"
      Whitespace@160..161 " "
      PathType@161..165
        UsePath@161..165
          Ident@161..164 "f64"
          Whitespace@164..165 " "
      Block@165..184
        LBrace@165..166 "{"
        Whitespace@166..175 "\n        "
        ExprStmt@175..183
          LitExpr@175..178
            FloatLit@175..178 "0.0"
          Whitespace@178..183 "\n    "
        RBrace@183..184 "}"
    Whitespace@184..185 "\n"
    RBrace@185..186 "}"
  Whitespace@186..188 "\n\n"
  FnDef@188..296
    KwFn@188..190 "fn"
    Whitespace@190..191 " "
    Ident@191..195 "main"
    LParen@195..196 "("
    RParen@196..197 ")"
    Whitespace@197..198 " "
    Block@198..296
      LBrace@198..199 "{"
      Whitespace@199..204 "\n    "
      LetStmt@204..233
        KwLet@204..207 "let"
        Whitespace@207..208 " "
        PatIdent@208..209
          Ident@208..209 "p"
        Whitespace@209..210 " "
        Eq@210..211 "="
        Whitespace@211..212 " "
        CallExpr@212..232
          PathExpr@212..222
            UsePath@212..222
              Ident@212..217 "Point"
              ColonColon@217..219 "::"
              Ident@219..222 "new"
          LParen@222..223 "("
          LitExpr@223..226
            FloatLit@223..226 "1.0"
          Comma@226..227 ","
          Whitespace@227..228 " "
          LitExpr@228..231
            FloatLit@228..231 "2.0"
          RParen@231..232 ")"
        Semicolon@232..233 ";"
      Whitespace@233..238 "\n    "
      LetStmt@238..255
        KwLet@238..241 "let"
        Whitespace@241..242 " "
        PatIdent@242..243
          Ident@242..243 "d"
        Whitespace@243..244 " "
        Eq@244..245 "="
        Whitespace@245..246 " "
        MethodCallExpr@246..254
          PathExpr@246..247
            UsePath@246..247
              Ident@246..247 "p"
          Dot@247..248 "."
          Ident@248..252 "dist"
          LParen@252..253 "("
          RParen@253..254 ")"
        Semicolon@254..255 ";"
      Whitespace@255..260 "\n    "
      ExprStmt@260..295
        IfExpr@260..295
          KwIf@260..262 "if"
          Whitespace@262..263 " "
          BinaryExpr@263..271
            PathExpr@263..265
              UsePath@263..265
                Ident@263..264 "d"
                Whitespace@264..265 " "
            Gt@265..266 ">"
            Whitespace@266..267 " "
            LitExpr@267..270
              FloatLit@267..270 "0.0"
            Whitespace@270..271 " "
          Block@271..294
            LBrace@271..272 "{"
            Whitespace@272..281 "\n        "
            ExprStmt@281..288
              ReturnExpr@281..287
                KwReturn@281..287 "return"
              Semicolon@287..288 ";"
            Whitespace@288..293 "\n    "
            RBrace@293..294 "}"
          Whitespace@294..295 "\n"
      RBrace@295..296 "}"
  Whitespace@296..297 "\n"
