---
source: crates/glyim-test/src/snapshot/mod.rs
expression: tree
---
SourceFile@0..20
  FnDef@0..20
    KwFn@0..2 "fn"
    Whitespace@2..3 " "
    Ident@3..6 "foo"
    TypeParamList@6..13
      Lt@6..7 "<"
      TypeParam@7..8
        Ident@7..8 "A"
      TypeParam@8..9
        Lt@8..9 "<"
      TypeParam@9..10
        Ident@9..10 "B"
      TypeParam@10..11
        Lt@10..11 "<"
      TypeParam@11..12
        Ident@11..12 "C"
      Gt@12..13 ">"
    ParamList@13..20
      Param@13..15
        Gt@13..14 ">"
        Gt@14..15 ">"
      Param@15..17
        LParen@15..16 "("
        RParen@16..17 ")"
      Whitespace@17..18 " "
      Param@18..20
        LBrace@18..19 "{"
        RBrace@19..20 "}"
