---
source: crates/glyim-test/src/snapshot/mod.rs
expression: tree
---
SourceFile@0..18
  StructDef@0..15
    KwStruct@0..6 "struct"
    Whitespace@6..7 " "
    Ident@7..8 "S"
    TypeParamList@8..15
      Lt@8..9 "<"
      TypeParam@9..10
        Ident@9..10 "A"
      TypeParam@10..11
        Lt@10..11 "<"
      TypeParam@11..12
        Ident@11..12 "B"
      TypeParam@12..13
        Lt@12..13 "<"
      TypeParam@13..14
        Ident@13..14 "C"
      Gt@14..15 ">"
  Gt@15..16 ">"
  Gt@16..17 ">"
  Semicolon@17..18 ";"
