---
source: crates/glyim-test/src/snapshot/mod.rs
expression: tree
---
SourceFile@0..15
  Visibility@0..4
    KwPub@0..3 "pub"
    Whitespace@3..4 " "
  FnDef@4..15
    KwFn@4..6 "fn"
    Whitespace@6..7 " "
    Ident@7..10 "bar"
    LParen@10..11 "("
    RParen@11..12 ")"
    Whitespace@12..13 " "
    Block@13..15
      LBrace@13..14 "{"
      RBrace@14..15 "}"
