---
source: crates/glyim-cli/tests/ui.rs
expression: actual
---
  × unknown field Symbol(5) on struct Symbol(0)
   ╭─[tests/ui/struct_unknown_field.g:1:1]
 1 │ struct Point { x, y }
   · ▲
   · ╰── unknown field Symbol(5) on struct Symbol(0)
 2 │ main = () => { let p = Point { x: 1, y: 2 }; p.z }
   ╰────
